// Jest Snapshot v1, https://goo.gl/fbAQLP

exports[`it has expected animations 1`] = `
Array [
  "FADE_IN",
  "SCALE_IN",
  "SCALE_OUT",
  "SLIDE_UP",
]
`;
