// Jest Snapshot v1, https://goo.gl/fbAQLP

exports[`it has expected breakpoints 1`] = `
Array [
  "SMALL",
  "MEDIUM",
  "LARGE",
]
`;
