// Jest Snapshot v1, https://goo.gl/fbAQLP

exports[`it has expected fonts 1`] = `
Array [
  "SANS_SERIF",
  "SERIF",
]
`;
