// Jest Snapshot v1, https://goo.gl/fbAQLP

exports[`it has expected indices 1`] = `
Array [
  "Z_INDEX_BASE",
  "Z_INDEX_PREVIEW_CONTENT",
  "Z_INDEX_ABOVE_CONTENT",
  "Z_INDEX_SUPER",
]
`;
